2025-04-05T09:04:00.607Z [error] lpte-svc: Request timed out after 5000ms. Request meta={"channelType":"REQUEST","namespace":"module-league-static","type":"request-constants","version":1,"sender":{"name":"module-league-state","version":"4.13.1","mode":"PLUGIN","path":"D:\\bouil\\Documents\\0.Dossiers\\Stream\\GAFE2025\\ProdToolKit\\modules\\module-league-state"},"reply":"request-constants-5prh5chzsm93zlf4l"}
2025-04-05T09:04:17.772Z [error] lpte-svc: Request timed out after 5000ms. Request meta={"namespace":"module-league-in-game","type":"request","version":1,"reply":"request-415eefba","channelType":"REQUEST"}
2025-04-05T09:04:33.155Z [error] lpte-svc: Request timed out after 5000ms. Request meta={"namespace":"module-league-in-game","type":"request","version":1,"reply":"request-bfbd89ab","channelType":"REQUEST"}
2025-04-05T09:07:15.917Z [error] lpte-svc: Request timed out after 5000ms. Request meta={"namespace":"module-league-in-game","type":"request","version":1,"reply":"request-36e83476","channelType":"REQUEST"}
2025-04-05T09:07:41.552Z [error] lpte-svc: Request timed out after 5000ms. Request meta={"namespace":"module-league-in-game","type":"request","version":1,"reply":"request-cdd23f59","channelType":"REQUEST"}
2025-04-05T09:08:18.076Z [error] lpte-svc: Request timed out after 5000ms. Request meta={"namespace":"module-league-in-game","type":"request","version":1,"reply":"request-63b6b768","channelType":"REQUEST"}
2025-04-05T09:09:04.123Z [error] lpte-svc: Request timed out after 5000ms. Request meta={"channelType":"REQUEST","namespace":"module-league-static","type":"request-constants","version":1,"sender":{"name":"module-league-state","version":"4.13.1","mode":"PLUGIN","path":"D:\\bouil\\Documents\\0.Dossiers\\Stream\\GAFE2025\\ProdToolKit\\modules\\module-league-state"},"reply":"request-constants-5prh5chzsm93zrxbm"}
2025-04-05T09:12:38.947Z [error] lpte-svc: Request timed out after 5000ms. Request meta={"namespace":"module-league-in-game","type":"request","version":1,"reply":"request-6336f5aa","channelType":"REQUEST"}
2025-04-05T09:13:31.255Z [error] lpte-svc: Request timed out after 5000ms. Request meta={"namespace":"module-league-static","type":"request-constants","version":1,"reply":"request-constants-946a265c","channelType":"REQUEST"}
2025-04-05T09:13:50.715Z [error] lpte-svc: Request timed out after 5000ms. Request meta={"namespace":"module-league-static","type":"request-constants","version":1,"reply":"request-constants-9581fce4","channelType":"REQUEST"}
2025-04-05T09:16:39.581Z [error] lpte-svc: Request timed out after 5000ms. Request meta={"namespace":"module-league-in-game","type":"request","version":1,"reply":"request-4d013fc9","channelType":"REQUEST"}
2025-04-05T10:57:01.012Z [error] lpte-svc: Request timed out after 5000ms. Request meta={"channelType":"REQUEST","namespace":"module-league-static","type":"request-constants","version":1,"sender":{"name":"module-league-state","version":"4.13.1","mode":"PLUGIN","path":"D:\\bouil\\Documents\\0.Dossiers\\Stream\\GAFE2025\\ProdToolKit\\modules\\module-league-state"},"reply":"request-constants-5prh5chzsm943mqx7"}
2025-04-05T11:18:20.344Z [error] lpte-svc: Request timed out after 5000ms. Request meta={"channelType":"REQUEST","namespace":"module-league-static","type":"request-constants","version":1,"sender":{"name":"module-league-state","version":"4.13.1","mode":"PLUGIN","path":"D:\\bouil\\Documents\\0.Dossiers\\Stream\\GAFE2025\\ProdToolKit\\modules\\module-league-state"},"reply":"request-constants-5prh5chzsm944e628"}
2025-04-05T11:18:40.010Z [error] lpte-svc: Request timed out after 5000ms. Request meta={"channelType":"REQUEST","namespace":"module-league-static","type":"request-constants","version":1,"sender":{"name":"module-league-state","version":"4.13.1","mode":"PLUGIN","path":"D:\\bouil\\Documents\\0.Dossiers\\Stream\\GAFE2025\\ProdToolKit\\modules\\module-league-state"},"reply":"request-constants-5prh5chzsm944el8g"}
2025-04-05T11:23:04.417Z [error] lpte-svc: Request timed out after 5000ms. Request meta={"channelType":"REQUEST","namespace":"module-league-static","type":"request-constants","version":1,"sender":{"name":"module-league-state","version":"4.13.1","mode":"PLUGIN","path":"D:\\bouil\\Documents\\0.Dossiers\\Stream\\GAFE2025\\ProdToolKit\\modules\\module-league-state"},"reply":"request-constants-5prh5chzsm944k994"}
2025-04-05T11:42:49.275Z [error] lpte-svc: Request timed out after 5000ms. Request meta={"channelType":"REQUEST","namespace":"module-league-static","type":"request-constants","version":1,"sender":{"name":"module-league-state","version":"4.13.1","mode":"PLUGIN","path":"D:\\bouil\\Documents\\0.Dossiers\\Stream\\GAFE2025\\ProdToolKit\\modules\\module-league-state"},"reply":"request-constants-5prh5chzsm9459nhu"}
2025-04-05T14:27:32.477Z [error] plugin-webapi: Failed to get information for summoner=. Maybe this summoner does not exist? error=GenericError: Request failed with status code 400
2025-04-05T14:27:32.481Z [error] module-league-state: Loading livegame failed for summoner=
2025-04-05T14:33:19.041Z [error] plugin-webapi: Failed to get information for summoner=. Maybe this summoner does not exist? error=GenericError: Request failed with status code 400
2025-04-05T14:33:19.043Z [error] module-league-state: Loading livegame failed for summoner=
2025-04-05T14:35:23.685Z [error] plugin-webapi: Failed to get information for summoner=. Maybe this summoner does not exist? error=GenericError: Request failed with status code 400
2025-04-05T14:35:23.687Z [error] module-league-state: Loading livegame failed for summoner=
2025-04-06T13:38:22.088Z [error] lpte-svc: Request timed out after 5000ms. Request meta={"channelType":"REQUEST","type":"request","namespace":"plugin-config","version":1,"sender":{"name":"plugin-webapi","version":"2.2.3","mode":"PLUGIN","path":"D:\\bouil\\Documents\\0.Dossiers\\Stream\\GAFE2025\\ProdToolKit\\modules\\plugin-webapi"},"reply":"request-5prh5cy5km95ou27l"}
2025-04-06T16:54:10.300Z [error] plugin-webapi: Failed to get information for summoner=. Maybe this summoner does not exist? error=GenericError: Request failed with status code 400
2025-04-06T16:54:10.303Z [error] module-league-state: Loading livegame failed for summoner=
2025-04-07T16:34:27.433Z [error] lpte-svc: Request timed out after 5000ms. Request meta={"channelType":"REQUEST","type":"request","namespace":"plugin-config","version":1,"sender":{"name":"plugin-webapi","version":"2.2.3","mode":"PLUGIN","path":"D:\\bouil\\Documents\\0.Dossiers\\Stream\\GAFE2025\\ProdToolKit\\modules\\plugin-webapi"},"reply":"request-5prh5c10agm97akdj2"}
2025-04-07T16:45:53.592Z [error] plugin-webapi: Failed to get match information for matchId=EUW1_7360885477. Maybe the match is not over yet? error=GenericError: Request failed with status code 403
2025-04-07T16:45:53.596Z [error] module-league-state: Loading match failed for gameId=7360885477
2025-04-07T17:25:44.827Z [error] plugin-webapi: Failed to get information for summoner=undefined. Maybe this summoner does not exist? error=GenericError: Request failed with status code 400
2025-04-07T17:25:44.828Z [error] module-league-state: Loading livegame failed for summoner=undefined
2025-04-07T17:53:40.307Z [error] lpte-svc: Uncaught error in handler:  Cannot read properties of undefined (reading 'kills')
2025-04-07T18:19:46.988Z [error] lpte-svc: Uncaught error in handler:  Cannot read properties of undefined (reading 'kills')
2025-04-07T18:20:55.538Z [error] lpte-svc: Uncaught error in handler:  Cannot read properties of undefined (reading 'kills')
2025-04-07T18:21:11.093Z [error] lpte-svc: Uncaught error in handler:  riftherald is not defined
2025-04-07T18:21:12.758Z [error] lpte-svc: Uncaught error in handler:  riftherald is not defined
2025-04-07T18:21:24.861Z [error] lpte-svc: Uncaught error in handler:  riftherald is not defined
2025-04-08T18:09:24.000Z [error] lpte-svc: Request timed out after 5000ms. Request meta={"channelType":"REQUEST","type":"request","namespace":"plugin-config","version":1,"sender":{"name":"plugin-webapi","version":"2.2.3","mode":"PLUGIN","path":"D:\\bouil\\Documents\\0.Dossiers\\Stream\\GAFE2025\\ProdToolKit\\modules\\plugin-webapi"},"reply":"request-5prh5c6y0m98tecat"}
2025-04-08T18:11:46.079Z [error] plugin-webapi: Failed to get information for summoner=undefined. Maybe this summoner does not exist? error=GenericError: Request failed with status code 403
2025-04-08T18:11:46.081Z [error] module-league-state: Loading livegame failed for summoner=undefined
2025-04-08T18:19:17.338Z [error] plugin-webapi: Failed to get match information for matchId=EUW1_7362070363. Maybe the match is not over yet? error=GenericError: Request failed with status code 403
2025-04-08T18:19:17.341Z [error] module-league-state: Loading match failed for gameId=7362070363
2025-04-08T18:19:17.348Z [error] lpte-svc: Uncaught error in handler:  Cannot read properties of undefined (reading 'kills')
2025-04-09T12:56:52.009Z [error] lpte-svc: Uncaught error in handler:  Cannot read properties of undefined (reading '0')
2025-04-09T12:59:46.077Z [error] lpte-svc: Uncaught error in handler:  Cannot read properties of undefined (reading '0')
2025-04-09T13:00:51.783Z [error] lpte-svc: Uncaught error in handler:  Cannot read properties of undefined (reading '0')
2025-04-09T13:05:24.975Z [error] lpte-svc: Uncaught error in handler:  this.matchData.info.teams[0].feats is not iterable
